
vsource #(.dc(0.)) p (.p(gnd),.n(0));
R #(.R(50),.Tc1(0.0),.Tc2(0.0),.Temp(26.85),.Tnom(26.85),.ic(NA( NA))) R1 (.p(_net0),.n(_net1));
Vprobe #() Pr1 (.p(_net1),.n(0));
Vdc #(.U(2),.Temp(NA( NA))) V2 (.p(_net2),.n(0));
AM_Mod #(.Phase(1/3.14159265359*180),.U(2),.f(1.5),.m(.25),.m(.25)) V1 (.1(_net0),.2(0),.3(_net2));
