
vsource #(.dc(0.)) p (.p(gnd),.n(0));
Vdc #(.U(1.3),.Temp(NA( NA))) V1 (.p(_net1),.n(_net0));
R #(.R(50),.Tc1(0.0),.Tc2(0.0),.Temp(26.85),.Tnom(26.85),.ic(NA( NA))) R1 (.p(_net0),.n(_net1));
Vprobe #() Pr1 (.p(_net0),.n(_net1));
Iprobe #() Pr2 (.p(_net0),.n(_net2));
R #(.R(10),.Tc1(NA( NA)),.Tc2(NA( NA)),.Temp(NA( NA)),.Tnom(NA( NA)),.ic(NA( NA))) R2 (.p(_net2),.n(_net1));
