;: already installed, replacing
stashing as ;:0
*: already installed, replacing
stashing as *:0
': already installed, replacing
stashing as ':0
": already installed, replacing
stashing as ":0
dev_comment: already installed, replacing
stashing as dev_comment:0
R: already installed, replacing
stashing as R:0
list: already installed, replacing
stashing as list:0
save: already installed, replacing
stashing as save:0
verilog: already installed, replacing
stashing as verilog:0
paramset: already installed, replacing
stashing as paramset:0
module: already installed, replacing
stashing as module:0
macromodule: already installed, replacing
stashing as macromodule:0
verilog: already installed, replacing
stashing as verilog:0
  R:R1 gnd _net1   R=50 Tc1=0.0 Tc2=0.0 Temp=26.85 Tnom=26.85 ic=NA( NA)
R #(.R(50),.Tc1(0.0),.Tc2(0.0),.Temp(26.85),.Tnom(26.85),.ic(NA( NA))) R1 (.p(0),.n(_net1));

