--- pac.net.v.out	2018-09-19 02:01:30.983945870 +0100
+++ pac.net.v.ref	2018-09-19 01:49:18.763975897 +0100
@@ -1,4 +1,5 @@
 
+vsource #(.dc(0.)) p (.p(gnd),.n(0));
 Iprobe #() Pr1 (.p(_net0),.n(_net1));
 Vprobe #() Pr2 (.p(_net2),.n(_net0));
 R #(.R(50),.Tc1(0.0),.Tc2(0.0),.Temp(26.85),.Tnom(26.85),.ic(NA( NA))) R1 (.p(_net2),.n(_net0));
