--- rc.net.v.out	2018-09-19 02:01:30.967945871 +0100
+++ rc.net.v.ref	2018-09-19 01:49:18.763975897 +0100
@@ -1,4 +1,5 @@
 
+vsource #(.dc(0.)) p (.p(gnd),.n(0));
 R #(.R(50),.Tc1(0.0),.Tc2(0.0),.Temp(26.85),.Tnom(26.85),.ic(NA( NA))) R1 (.p(_net0),.n(_net1));
 Vprobe #() Pr1 (.p(_net1),.n(0));
 Vrect #(.U(1),.Td(0n),.Tr(1n),.Tf(1n),.TH(1m),.TL(1m)) V1 (.p(_net0),.n(0));
