
vsource #(.dc(0.)) p (.p(gnd),.n(0));
Pac #(.Num(2),.P(0),.Temp(26.85),.Z(10),.f(1G)) P2 (.1(_net0),.2(0));
Pac #(.Num(1),.P(0),.Temp(26.85),.Z(10),.f(1G)) P1 (.1(_net2),.2(0));
R #(.R(1),.Tc1(0.0),.Tc2(0.0),.Temp(26.85),.Tnom(26.85),.ic(NA( NA))) R3 (.p(_net1),.n(_net0));
R #(.R(1),.Tc1(0.0),.Tc2(0.0),.Temp(NA( NA)),.Tnom(26.85),.ic(NA( NA))) RR (.p(0),.n(_net1));
R #(.R(1),.Tc1(0.0),.Tc2(0.0),.Temp(26.85),.Tnom(26.85),.ic(NA( NA))) R2 (.p(_net2),.n(_net1));
VCVS #(.G(1),.T(0)) SRC1 (.1(_net2),.2(_net3),.3(0),.4(0));
R #(.R(1),.Tc1(0.0),.Tc2(0.0),.Temp(NA( NA)),.Tnom(26.85),.ic(NA( NA))) RR1 (.p(_net0),.n(_net3));
